// Jest Snapshot v1, https://goo.gl/fbAQLP

exports[`BadPath should match the snapshot 1`] = `
"<div className=\\"bad-path\\">
  Sorry, this page does not exist.
</div>"
`;
